================================
         INVOICE
================================
Item          Qty    Price     Amount
------------- ---  -------  ---------
Widget A        12      $4.99     $59.88
Widget B         5     $12.50     $62.50
Gizmo C          3     $29.99     $89.97
Part D         100      $0.75     $75.00
                             ---------
                    Total:    $287.35
Invoice OK
